// Jest Snapshot v1, https://goo.gl/fbAQLP

exports[`renders UI as expected 1`] = `
<div
  className="NotFoundPage"
>
  <h2>
    404 - Page not found
  </h2>
  <p>
    Try going back to your previous page.
  </p>
</div>
`;
