// Jest Snapshot v1, https://goo.gl/fbAQLP

exports[`ValidateError component testing renders UI as expected 1`] = `null`;
