// Jest Snapshot v1, https://goo.gl/fbAQLP

exports[`NavBar component testing renders UI as expected 1`] = `
<nav
  className="nav"
>
  <header
    className="header"
  >
    <a
      href="/home"
      onClick={[Function]}
    >
      <h2
        className="app-title"
      >
        Mood Journal
      </h2>
    </a>
  </header>
  <li>
    <a
      aria-current={null}
      className="nav-link"
      href="/home"
      onClick={[Function]}
    >
      Home
    </a>
  </li>
  <li>
    <a
      aria-current={null}
      className="nav-link"
      href="/register"
      onClick={[Function]}
    >
      Register
    </a>
  </li>
  <li>
    <a
      aria-current={null}
      className="nav-link"
      href="/login"
      onClick={[Function]}
    >
      Log-in
    </a>
  </li>
</nav>
`;
