// Jest Snapshot v1, https://goo.gl/fbAQLP

exports[`LoginForm component testing renders UI as expected 1`] = `
<div
  className="main-login"
>
  <div
    className="wrap-login"
  >
    <div
      className="form-wrap-login"
    >
      <form
        className="LoginForm"
        onSubmit={[Function]}
      >
        <div
          role="alert"
        />
        <div
          className="login-input user_name"
        >
          <label
            htmlFor="LoginForm_user_name"
            id="loginUser"
          >
             Username
          </label>
          <input
            aria-describedby="loginUser"
            aria-label="enter user name"
            aria-required="true"
            className="login-user_name"
            id="LoginForm_user_name"
            name="user_name"
            placeholder="Username"
            required={true}
          />
          <span
            className="focus-input"
          />
        </div>
        <div
          className="login-input password"
        >
          <label
            htmlFor="LoginForm_password"
            id="loginPass"
          >
            Password
          </label>
          <input
            aria-describedby="loginPass"
            aria-label="enter user password"
            aria-required="true"
            className="login-password"
            id="LoginForm_password"
            name="password"
            placeholder="Password"
            required={true}
            type="password"
          />
          <span
            className="focus-input"
          />
        </div>
        <div
          className="login-btn-container"
        >
          <button
            className="login-btn"
            type="submit"
          >
            Login
          </button>
        </div>
      </form>
    </div>
  </div>
</div>
`;

exports[`LoginForm component testing submits information after clicking click 1`] = `
<div
  className="main-login"
>
  <div
    className="wrap-login"
  >
    <div
      className="form-wrap-login"
    >
      <form
        className="LoginForm"
        onSubmit={[Function]}
      >
        <div
          role="alert"
        />
        <div
          className="login-input user_name"
        >
          <label
            htmlFor="LoginForm_user_name"
            id="loginUser"
          >
             Username
          </label>
          <input
            aria-describedby="loginUser"
            aria-label="enter user name"
            aria-required="true"
            className="login-user_name"
            id="LoginForm_user_name"
            name="user_name"
            placeholder="Username"
            required={true}
          />
          <span
            className="focus-input"
          />
        </div>
        <div
          className="login-input password"
        >
          <label
            htmlFor="LoginForm_password"
            id="loginPass"
          >
            Password
          </label>
          <input
            aria-describedby="loginPass"
            aria-label="enter user password"
            aria-required="true"
            className="login-password"
            id="LoginForm_password"
            name="password"
            placeholder="Password"
            required={true}
            type="password"
          />
          <span
            className="focus-input"
          />
        </div>
        <div
          className="login-btn-container"
        >
          <button
            className="login-btn"
            type="submit"
          >
            Login
          </button>
        </div>
      </form>
    </div>
  </div>
</div>
`;
