// Jest Snapshot v1, https://goo.gl/fbAQLP

exports[`Edit Form component renders an entry in the array 1`] = `null`;
